<html>


<div class="well" id="project-sidebar">
  <h3>test_project</h3>
  <p class="editable" id="project-description">&lt;script&gt;window.alert(&quot;hacked&quot;)&lt;/script&gt;</p>
  <div id="project-description-form" class="editable-form">
    <div class="input-group">
      <input type="text" class="form-control input-sm" id="project-description-edit"
             placeholder="Project description">
      <span class="input-group-btn">
                  <button class="btn btn-primary btn-sm" type="button" id="project-description-btn">Save</button>
                </span>
    </div>
  </div>
  <hr>
  <p><strong>Created on</strong> 1999-06-07 08:09:10</p>
  <p><strong>Last modified on</strong> 2000-01-02 03:04:05</p>
  <p><strong>Modified by</strong> last_modified_user_name</p>

  <hr>

  <p><strong>Project admins:</strong> admin_name</p>
  <p><strong>Your Permissions:</strong> admin_permission</p>
</div>
</html>
